// Jest Snapshot v1, https://goo.gl/fbAQLP

exports[`<Backgroud> renders correctly 1`] = `
<View
  accessibilityIgnoresInvertColors={true}
>
  <Image
    style={
      [
        {
          "bottom": 0,
          "left": 0,
          "position": "absolute",
          "right": 0,
          "top": 0,
        },
        {
          "height": undefined,
          "width": undefined,
        },
        undefined,
      ]
    }
  />
</View>
`;
